bash tests/check.sh

1. Валидация считается
  [32m✓[0m точек val loss: 3, до обучения 2.191602, в конце 1.761399

2. Обучение сошлось, адаптер лучше базовой модели
  [32m✓[0m train 2.217 → 1.440, val 2.191601640524789 → 1.761399

3. Адаптер весит мегабайты, а не сотни мегабайт
  [32m✓[0m 34.45 МБ, r=8, обучаемых 0.84%

4. Адаптер поднимается на чистой машине и отвечает так же
  [32m✓[0m 5 ответов совпали дословно

5. Два прогона с одним конфигом дают одну кривую
  [32m✓[0m train loss по шагам: [2.217003, 1.935206, 1.891129] — одинаково

6. Эксперимент с заморозкой первых слоёв проведён
  [32m✓[0m обучаемых 2,523,136 против 5,046,272; 52 с против 78 с; val 1.920661 против 1.761399

7. Стадии train и compare объявлены в dvc.yaml
  [32m✓[0m train_all, train_freeze, compare

8. Разбор дефектов написан
  [32m✓[0m docs/defects.md: разделов 7, слов 705

9. Гигиена репозитория
  [32m✓[0m в git нет весов, данных, мусора и файлов тяжелее 5 МБ

отпечаток tests/check.sh: [35m06a02208c1f0[0m — на видео сдачи должен совпадать с выданным

[32mВсе проверки пройдены.[0m Кривые: docs/curves.png, сравнение: docs/compare.md

